[2025-06-14 04:25:43] Authorization header: Bearer eyJ0eXAiOiJKV...
[2025-06-14 04:25:43] Token extracted: eyJ0eXAiOiJKV1QiLCJh...
[2025-06-14 04:25:43] Utilisateur authentifié: userId=1
[2025-06-14 04:25:43] Records found for patientId: 1
[2025-06-14 04:25:47] Authorization header: Bearer eyJ0eXAiOiJKV...
[2025-06-14 04:25:47] Token extracted: eyJ0eXAiOiJKV1QiLCJh...
[2025-06-14 04:25:47] Utilisateur authentifié: userId=1
[2025-06-14 04:25:47] Records found for patientId: 1
[2025-06-14 04:26:00] Authorization header: Bearer eyJ0eXAiOiJKV...
[2025-06-14 04:26:00] Token extracted: eyJ0eXAiOiJKV1QiLCJh...
[2025-06-14 04:26:00] Utilisateur authentifié: userId=1
[2025-06-14 04:26:00] Received data: patientId=1, descriptions=Tachycardie d?tect?e lors de l'ECG du 16 juinCholest?rol ?lev? au bilan du 2 juillet, etat_sante=Stabilite
[2025-06-14 04:26:00] Update/Insert failed: SQLSTATE[42S22]: Column not found: 1054 Unknown column 'descriptions' in 'field list'
[2025-06-14 04:47:14] Authorization header: Bearer eyJ0eXAiOiJKV...
[2025-06-14 04:47:14] Token extracted: eyJ0eXAiOiJKV1QiLCJh...
[2025-06-14 04:47:14] Utilisateur authentifié: userId=1
[2025-06-14 04:47:14] Records found for patientId: 1
[2025-06-14 04:47:16] Authorization header: Bearer eyJ0eXAiOiJKV...
[2025-06-14 04:47:16] Token extracted: eyJ0eXAiOiJKV1QiLCJh...
[2025-06-14 04:47:16] Utilisateur authentifié: userId=1
[2025-06-14 04:47:16] Records found for patientId: 1
[2025-06-14 04:47:45] Authorization header: Bearer eyJ0eXAiOiJKV...
[2025-06-14 04:47:45] Token extracted: eyJ0eXAiOiJKV1QiLCJh...
[2025-06-14 04:47:45] Utilisateur authentifié: userId=1
[2025-06-14 04:47:45] Received data: patientId=1, etat_sante=? surveiller, allergies=P?nicillin
[2025-06-14 04:47:45] Update/Insert successful for patientId: 1
[2025-06-14 04:48:01] Authorization header: Bearer eyJ0eXAiOiJKV...
[2025-06-14 04:48:01] Token extracted: eyJ0eXAiOiJKV1QiLCJh...
[2025-06-14 04:48:01] Utilisateur authentifié: userId=1
[2025-06-14 04:48:01] Records found for patientId: 1
[2025-06-14 04:48:25] Authorization header: Bearer eyJ0eXAiOiJKV...
[2025-06-14 04:48:25] Token extracted: eyJ0eXAiOiJKV1QiLCJh...
[2025-06-14 04:48:25] Utilisateur authentifié: userId=1
[2025-06-14 04:48:25] Records found for patientId: 1
[2025-06-14 04:48:39] Authorization header: Bearer eyJ0eXAiOiJKV...
[2025-06-14 04:48:39] Token extracted: eyJ0eXAiOiJKV1QiLCJh...
[2025-06-14 04:48:39] Utilisateur authentifié: userId=1
[2025-06-14 04:48:39] Records found for patientId: 1
[2025-06-14 04:48:50] Authorization header: Bearer eyJ0eXAiOiJKV...
[2025-06-14 04:48:50] Token extracted: eyJ0eXAiOiJKV1QiLCJh...
[2025-06-14 04:48:50] Utilisateur authentifié: userId=1
[2025-06-14 04:48:50] Received data: patientId=1, etat_sante=? surveiller, allergies=P?nicilline
[2025-06-14 04:48:51] Update/Insert successful for patientId: 1
[2025-06-14 04:48:57] Authorization header: Bearer eyJ0eXAiOiJKV...
[2025-06-14 04:48:57] Token extracted: eyJ0eXAiOiJKV1QiLCJh...
[2025-06-14 04:48:57] Utilisateur authentifié: userId=1
[2025-06-14 04:48:57] Records found for patientId: 1
[2025-06-14 04:49:06] Authorization header: Bearer eyJ0eXAiOiJKV...
[2025-06-14 04:49:06] Token extracted: eyJ0eXAiOiJKV1QiLCJh...
[2025-06-14 04:49:06] Utilisateur authentifié: userId=1
[2025-06-14 04:49:06] Records found for patientId: 1
[2025-06-14 04:49:29] Authorization header: Bearer eyJ0eXAiOiJKV...
[2025-06-14 04:49:29] Token extracted: eyJ0eXAiOiJKV1QiLCJh...
[2025-06-14 04:49:29] Utilisateur authentifié: userId=1
[2025-06-14 04:49:29] Records found for patientId: 1
[2025-06-14 13:07:20] Authorization header: Bearer eyJ0eXAiOiJKV...
[2025-06-14 13:07:20] Token extracted: eyJ0eXAiOiJKV1QiLCJh...
[2025-06-14 13:07:20] JWT validation failed: Expired token - Token (partial): eyJ0eXAiOiJKV1QiLCJh...
[2025-06-14 13:07:25] Authorization header: Bearer eyJ0eXAiOiJKV...
[2025-06-14 13:07:25] Token extracted: eyJ0eXAiOiJKV1QiLCJh...
[2025-06-14 13:07:25] JWT validation failed: Expired token - Token (partial): eyJ0eXAiOiJKV1QiLCJh...
[2025-06-14 13:11:12] Authorization header: Bearer eyJ0eXAiOiJKV...
[2025-06-14 13:11:12] Token extracted: eyJ0eXAiOiJKV1QiLCJh...
[2025-06-14 13:11:12] JWT validation failed: Expired token - Token (partial): eyJ0eXAiOiJKV1QiLCJh...
[2025-06-14 13:11:33] Authorization header: Bearer eyJ0eXAiOiJKV...
[2025-06-14 13:11:33] Token extracted: eyJ0eXAiOiJKV1QiLCJh...
[2025-06-14 13:11:33] JWT validation failed: Expired token - Token (partial): eyJ0eXAiOiJKV1QiLCJh...
[2025-06-14 13:11:57] Authorization header: Bearer eyJ0eXAiOiJKV...
[2025-06-14 13:11:57] Token extracted: eyJ0eXAiOiJKV1QiLCJh...
[2025-06-14 13:11:57] JWT validation failed: Expired token - Token (partial): eyJ0eXAiOiJKV1QiLCJh...
[2025-06-14 13:15:47] Authorization header: Bearer eyJ0eXAiOiJKV...
[2025-06-14 13:15:47] Token extracted: eyJ0eXAiOiJKV1QiLCJh...
[2025-06-14 13:15:47] Token expiration: 2025-06-15 13:15:40
[2025-06-14 13:15:47] Utilisateur authentifié: userId=1
[2025-06-14 13:15:47] Records found for patientId: 1
[2025-06-14 13:15:54] Authorization header: Bearer eyJ0eXAiOiJKV...
[2025-06-14 13:15:54] Token extracted: eyJ0eXAiOiJKV1QiLCJh...
[2025-06-14 13:15:54] Token expiration: 2025-06-15 13:15:40
[2025-06-14 13:15:54] Utilisateur authentifié: userId=1
[2025-06-14 13:15:54] Records found for patientId: 1
[2025-06-14 13:16:33] Authorization header: Bearer eyJ0eXAiOiJKV...
[2025-06-14 13:16:33] Token extracted: eyJ0eXAiOiJKV1QiLCJh...
[2025-06-14 13:16:34] Token expiration: 2025-06-15 13:15:40
[2025-06-14 13:16:34] Utilisateur authentifié: userId=1
[2025-06-14 13:16:34] Received data: patientId=1, etat_sante=? surveiller, allergies=P?nicillin
[2025-06-14 13:16:34] Update/Insert successful for patientId: 1
[2025-06-14 13:20:04] Authorization header: Bearer eyJ0eXAiOiJKV...
[2025-06-14 13:20:04] Token extracted: eyJ0eXAiOiJKV1QiLCJh...
[2025-06-14 13:20:04] Token expiration: 2025-06-15 13:15:40
[2025-06-14 13:20:04] Utilisateur authentifié: userId=1
[2025-06-14 13:20:04] Records found for patientId: 1
[2025-06-14 13:20:07] Authorization header: Bearer eyJ0eXAiOiJKV...
[2025-06-14 13:20:07] Token extracted: eyJ0eXAiOiJKV1QiLCJh...
[2025-06-14 13:20:07] Token expiration: 2025-06-15 13:15:40
[2025-06-14 13:20:07] Utilisateur authentifié: userId=1
[2025-06-14 13:20:07] Records found for patientId: 1
[2025-06-14 13:25:31] Authorization header: Bearer eyJ0eXAiOiJKV...
[2025-06-14 13:25:31] Token extracted: eyJ0eXAiOiJKV1QiLCJh...
[2025-06-14 13:25:31] Token expiration: 2025-06-15 13:15:40
[2025-06-14 13:25:31] Utilisateur authentifié: userId=1
[2025-06-14 13:25:31] Records found for patientId: 2
[2025-06-14 13:30:01] Authorization header: Bearer eyJ0eXAiOiJKV...
[2025-06-14 13:30:01] Token extracted: eyJ0eXAiOiJKV1QiLCJh...
[2025-06-14 13:30:01] Token expiration: 2025-06-15 13:15:40
[2025-06-14 13:30:01] Utilisateur authentifié: userId=1
[2025-06-14 13:30:01] Records found for patientId: 1
[2025-06-14 14:35:52] Authorization header: Bearer eyJ0eXAiOiJKV...
[2025-06-14 14:35:52] Token extracted: eyJ0eXAiOiJKV1QiLCJh...
[2025-06-14 14:35:52] Token expiration: 2025-06-15 13:15:40
[2025-06-14 14:35:52] Utilisateur authentifié: userId=1
[2025-06-14 14:35:52] Records found for patientId: 1
[2025-06-14 14:35:55] Authorization header: Bearer eyJ0eXAiOiJKV...
[2025-06-14 14:35:55] Token extracted: eyJ0eXAiOiJKV1QiLCJh...
[2025-06-14 14:35:55] Token expiration: 2025-06-15 13:15:40
[2025-06-14 14:35:55] Utilisateur authentifié: userId=1
[2025-06-14 14:35:55] Records found for patientId: 1
[2025-06-14 14:48:18] Authorization header: Bearer eyJ0eXAiOiJKV...
[2025-06-14 14:48:18] Token extracted: eyJ0eXAiOiJKV1QiLCJh...
[2025-06-14 14:48:18] Token expiration: 2025-06-15 13:15:40
[2025-06-14 14:48:18] Utilisateur authentifié: userId=1
[2025-06-14 14:48:18] Records found for patientId: 1
[2025-06-14 14:48:37] Authorization header: Bearer eyJ0eXAiOiJKV...
[2025-06-14 14:48:37] Token extracted: eyJ0eXAiOiJKV1QiLCJh...
[2025-06-14 14:48:37] Token expiration: 2025-06-15 13:15:40
[2025-06-14 14:48:37] Utilisateur authentifié: userId=1
[2025-06-14 14:48:37] Records found for patientId: 1
[2025-06-14 14:48:45] Authorization header: Bearer eyJ0eXAiOiJKV...
[2025-06-14 14:48:45] Token extracted: eyJ0eXAiOiJKV1QiLCJh...
[2025-06-14 14:48:45] Token expiration: 2025-06-15 13:15:40
[2025-06-14 14:48:45] Utilisateur authentifié: userId=1
[2025-06-14 14:48:45] Records found for patientId: 1
[2025-06-14 14:48:50] Authorization header: Bearer eyJ0eXAiOiJKV...
[2025-06-14 14:48:50] Token extracted: eyJ0eXAiOiJKV1QiLCJh...
[2025-06-14 14:48:50] Token expiration: 2025-06-15 13:15:40
[2025-06-14 14:48:50] Utilisateur authentifié: userId=1
[2025-06-14 14:48:50] Records found for patientId: 1
[2025-06-14 14:48:54] Authorization header: Bearer eyJ0eXAiOiJKV...
[2025-06-14 14:48:54] Token extracted: eyJ0eXAiOiJKV1QiLCJh...
[2025-06-14 14:48:54] Token expiration: 2025-06-15 13:15:40
[2025-06-14 14:48:54] Utilisateur authentifié: userId=1
[2025-06-14 14:48:54] Received data: patientId=1, etat_sante=? surveiller, allergies=P?nicillin
[2025-06-14 14:48:54] Update/Insert successful for patientId: 1
[2025-06-14 14:48:56] Authorization header: Bearer eyJ0eXAiOiJKV...
[2025-06-14 14:48:56] Token extracted: eyJ0eXAiOiJKV1QiLCJh...
[2025-06-14 14:48:56] Token expiration: 2025-06-15 13:15:40
[2025-06-14 14:48:56] Utilisateur authentifié: userId=1
[2025-06-14 14:48:56] Records found for patientId: 1
[2025-06-14 14:49:11] Authorization header: Bearer eyJ0eXAiOiJKV...
[2025-06-14 14:49:11] Token extracted: eyJ0eXAiOiJKV1QiLCJh...
[2025-06-14 14:49:11] Token expiration: 2025-06-15 13:15:40
[2025-06-14 14:49:11] Utilisateur authentifié: userId=1
[2025-06-14 14:49:11] Records found for patientId: 1
[2025-06-14 14:52:40] Authorization header: Bearer eyJ0eXAiOiJKV...
[2025-06-14 14:52:40] Token extracted: eyJ0eXAiOiJKV1QiLCJh...
[2025-06-14 14:52:40] Token expiration: 2025-06-15 13:15:40
[2025-06-14 14:52:40] Utilisateur authentifié: userId=1
[2025-06-14 14:52:40] Records found for patientId: 1
[2025-06-14 14:55:32] Authorization header: Bearer eyJ0eXAiOiJKV...
[2025-06-14 14:55:32] Token extracted: eyJ0eXAiOiJKV1QiLCJh...
[2025-06-14 14:55:32] Token expiration: 2025-06-15 13:15:40
[2025-06-14 14:55:32] Utilisateur authentifié: userId=1
[2025-06-14 14:55:32] Records found for patientId: 1
[2025-06-14 14:56:26] Authorization header: Bearer eyJ0eXAiOiJKV...
[2025-06-14 14:56:26] Token extracted: eyJ0eXAiOiJKV1QiLCJh...
[2025-06-14 14:56:26] Token expiration: 2025-06-15 13:15:40
[2025-06-14 14:56:26] Utilisateur authentifié: userId=1
[2025-06-14 14:56:26] Records found for patientId: 1
[2025-06-14 14:59:06] Authorization header: Bearer eyJ0eXAiOiJKV...
[2025-06-14 14:59:06] Token extracted: eyJ0eXAiOiJKV1QiLCJh...
[2025-06-14 14:59:07] Token expiration: 2025-06-15 13:15:40
[2025-06-14 14:59:07] Utilisateur authentifié: userId=1
[2025-06-14 14:59:07] Records found for patientId: 1
[2025-06-14 14:59:17] Authorization header: Bearer eyJ0eXAiOiJKV...
[2025-06-14 14:59:17] Token extracted: eyJ0eXAiOiJKV1QiLCJh...
[2025-06-14 14:59:17] Token expiration: 2025-06-15 13:15:40
[2025-06-14 14:59:17] Utilisateur authentifié: userId=1
[2025-06-14 14:59:17] Received data: patientId=1, etat_sante=? surveiller, allergies=P?nicillinee
[2025-06-14 14:59:17] Update/Insert successful for patientId: 1
[2025-06-14 15:01:49] Authorization header: Bearer eyJ0eXAiOiJKV...
[2025-06-14 15:01:49] Token extracted: eyJ0eXAiOiJKV1QiLCJh...
[2025-06-14 15:01:49] Token expiration: 2025-06-15 13:15:40
[2025-06-14 15:01:49] Utilisateur authentifié: userId=1
[2025-06-14 15:01:49] Records found for patientId: 1
[2025-06-14 15:03:04] Authorization header: Bearer eyJ0eXAiOiJKV...
[2025-06-14 15:03:04] Token extracted: eyJ0eXAiOiJKV1QiLCJh...
[2025-06-14 15:03:04] Token expiration: 2025-06-15 13:15:40
[2025-06-14 15:03:04] Utilisateur authentifié: userId=1
[2025-06-14 15:03:04] Records found for patientId: 1
[2025-06-14 15:03:13] Authorization header: Bearer eyJ0eXAiOiJKV...
[2025-06-14 15:03:13] Token extracted: eyJ0eXAiOiJKV1QiLCJh...
[2025-06-14 15:03:13] Token expiration: 2025-06-15 13:15:40
[2025-06-14 15:03:13] Utilisateur authentifié: userId=1
[2025-06-14 15:03:13] Records found for patientId: 1
[2025-06-14 15:05:42] Authorization header: Bearer eyJ0eXAiOiJKV...
[2025-06-14 15:05:42] Token extracted: eyJ0eXAiOiJKV1QiLCJh...
[2025-06-14 15:05:42] Token expiration: 2025-06-15 13:15:40
[2025-06-14 15:05:42] Utilisateur authentifié: userId=1
[2025-06-14 15:05:42] Records found for patientId: 1
[2025-06-14 15:05:48] Authorization header: Bearer eyJ0eXAiOiJKV...
[2025-06-14 15:05:48] Token extracted: eyJ0eXAiOiJKV1QiLCJh...
[2025-06-14 15:05:48] Token expiration: 2025-06-15 13:15:40
[2025-06-14 15:05:48] Utilisateur authentifié: userId=1
[2025-06-14 15:05:48] Records found for patientId: 1
[2025-06-14 15:05:58] Authorization header: Bearer eyJ0eXAiOiJKV...
[2025-06-14 15:05:58] Token extracted: eyJ0eXAiOiJKV1QiLCJh...
[2025-06-14 15:05:58] Token expiration: 2025-06-15 13:15:40
[2025-06-14 15:05:58] Utilisateur authentifié: userId=1
[2025-06-14 15:05:58] Received data: patientId=1, etat_sante=? surveiller, allergies=P?nicilline
[2025-06-14 15:05:58] Update/Insert successful for patientId: 1
[2025-06-14 15:06:00] Authorization header: Bearer eyJ0eXAiOiJKV...
[2025-06-14 15:06:00] Token extracted: eyJ0eXAiOiJKV1QiLCJh...
[2025-06-14 15:06:00] Token expiration: 2025-06-15 13:15:40
[2025-06-14 15:06:00] Utilisateur authentifié: userId=1
[2025-06-14 15:06:00] Records found for patientId: 1
[2025-06-14 15:11:59] Authorization header: Bearer eyJ0eXAiOiJKV...
[2025-06-14 15:11:59] Token extracted: eyJ0eXAiOiJKV1QiLCJh...
[2025-06-14 15:12:00] Token expiration: 2025-06-15 13:15:40
[2025-06-14 15:12:00] Utilisateur authentifié: userId=1
[2025-06-14 15:12:00] Records found for patientId: 1
[2025-06-14 15:19:56] Authorization header: Bearer eyJ0eXAiOiJKV...
[2025-06-14 15:19:56] Token extracted: eyJ0eXAiOiJKV1QiLCJh...
[2025-06-14 15:19:56] Token expiration: 2025-06-15 13:15:40
[2025-06-14 15:19:56] Utilisateur authentifié: userId=1
[2025-06-14 15:19:56] Records found for patientId: 1
[2025-06-14 15:28:16] Authorization header: Bearer eyJ0eXAiOiJKV...
[2025-06-14 15:28:16] Token extracted: eyJ0eXAiOiJKV1QiLCJh...
[2025-06-14 15:28:16] Token expiration: 2025-06-15 13:15:40
[2025-06-14 15:28:16] Utilisateur authentifié: userId=1
[2025-06-14 15:28:16] Records found for patientId: 1
[2025-06-14 15:28:20] Authorization header: Bearer eyJ0eXAiOiJKV...
[2025-06-14 15:28:20] Token extracted: eyJ0eXAiOiJKV1QiLCJh...
[2025-06-14 15:28:20] Token expiration: 2025-06-15 13:15:40
[2025-06-14 15:28:20] Utilisateur authentifié: userId=1
[2025-06-14 15:28:20] Records found for patientId: 1
[2025-06-14 15:28:53] Authorization header: Bearer eyJ0eXAiOiJKV...
[2025-06-14 15:28:53] Token extracted: eyJ0eXAiOiJKV1QiLCJh...
[2025-06-14 15:28:53] Token expiration: 2025-06-15 13:15:40
[2025-06-14 15:28:53] Utilisateur authentifié: userId=1
[2025-06-14 15:28:53] Received data: patientId=1, etat_sante=? surveiller, allergies=P?nicillinee
[2025-06-14 15:28:53] Update/Insert successful for patientId: 1
[2025-06-14 15:29:04] Authorization header: Bearer eyJ0eXAiOiJKV...
[2025-06-14 15:29:04] Token extracted: eyJ0eXAiOiJKV1QiLCJh...
[2025-06-14 15:29:04] Token expiration: 2025-06-15 13:15:40
[2025-06-14 15:29:04] Utilisateur authentifié: userId=1
[2025-06-14 15:29:04] Records found for patientId: 1
[2025-06-14 15:30:38] Authorization header: Bearer eyJ0eXAiOiJKV...
[2025-06-14 15:30:38] Token extracted: eyJ0eXAiOiJKV1QiLCJh...
[2025-06-14 15:30:38] Token expiration: 2025-06-15 13:15:40
[2025-06-14 15:30:38] Utilisateur authentifié: userId=1
[2025-06-14 15:30:38] Records found for patientId: 1
[2025-06-14 15:32:37] Authorization header: Bearer eyJ0eXAiOiJKV...
[2025-06-14 15:32:37] Token extracted: eyJ0eXAiOiJKV1QiLCJh...
[2025-06-14 15:32:37] Token expiration: 2025-06-15 13:15:40
[2025-06-14 15:32:37] Utilisateur authentifié: userId=1
[2025-06-14 15:32:37] Records found for patientId: 1
[2025-06-14 15:32:53] Authorization header: Bearer eyJ0eXAiOiJKV...
[2025-06-14 15:32:53] Token extracted: eyJ0eXAiOiJKV1QiLCJh...
[2025-06-14 15:32:53] Token expiration: 2025-06-15 13:15:40
[2025-06-14 15:32:53] Utilisateur authentifié: userId=1
[2025-06-14 15:32:53] Records found for patientId: 1
[2025-06-14 15:37:25] Authorization header: Bearer eyJ0eXAiOiJKV...
[2025-06-14 15:37:25] Token extracted: eyJ0eXAiOiJKV1QiLCJh...
[2025-06-14 15:37:25] Token expiration: 2025-06-15 13:15:40
[2025-06-14 15:37:25] Utilisateur authentifié: userId=1
[2025-06-14 15:37:25] Records found for patientId: 1
[2025-06-14 15:37:28] Authorization header: Bearer eyJ0eXAiOiJKV...
[2025-06-14 15:37:28] Token extracted: eyJ0eXAiOiJKV1QiLCJh...
[2025-06-14 15:37:28] Token expiration: 2025-06-15 13:15:40
[2025-06-14 15:37:28] Utilisateur authentifié: userId=1
[2025-06-14 15:37:28] Records found for patientId: 1
[2025-06-14 15:37:47] Authorization header: Bearer eyJ0eXAiOiJKV...
[2025-06-14 15:37:47] Token extracted: eyJ0eXAiOiJKV1QiLCJh...
[2025-06-14 15:37:47] Token expiration: 2025-06-15 13:15:40
[2025-06-14 15:37:47] Utilisateur authentifié: userId=1
[2025-06-14 15:37:47] Received data: patientId=1, etat_sante=? surveiller, allergies=P?nicillin
[2025-06-14 15:37:47] Update/Insert successful for patientId: 1
[2025-06-14 15:38:00] Authorization header: Bearer eyJ0eXAiOiJKV...
[2025-06-14 15:38:00] Token extracted: eyJ0eXAiOiJKV1QiLCJh...
[2025-06-14 15:38:00] Token expiration: 2025-06-15 13:15:40
[2025-06-14 15:38:00] Utilisateur authentifié: userId=1
[2025-06-14 15:38:00] Records found for patientId: 1
[2025-06-14 15:38:24] Authorization header: Bearer eyJ0eXAiOiJKV...
[2025-06-14 15:38:24] Token extracted: eyJ0eXAiOiJKV1QiLCJh...
[2025-06-14 15:38:24] Token expiration: 2025-06-15 13:15:40
[2025-06-14 15:38:24] Utilisateur authentifié: userId=1
[2025-06-14 15:38:24] Records found for patientId: 1
[2025-06-14 15:38:31] Authorization header: Bearer eyJ0eXAiOiJKV...
[2025-06-14 15:38:31] Token extracted: eyJ0eXAiOiJKV1QiLCJh...
[2025-06-14 15:38:31] Token expiration: 2025-06-15 13:15:40
[2025-06-14 15:38:31] Utilisateur authentifié: userId=1
[2025-06-14 15:38:31] Received data: patientId=1, etat_sante=? surveiller, allergies=P?nicilline
[2025-06-14 15:38:31] Update/Insert successful for patientId: 1
[2025-06-14 15:39:30] Authorization header: Bearer eyJ0eXAiOiJKV...
[2025-06-14 15:39:30] Token extracted: eyJ0eXAiOiJKV1QiLCJh...
[2025-06-14 15:39:30] Token expiration: 2025-06-15 13:15:40
[2025-06-14 15:39:30] Utilisateur authentifié: userId=1
[2025-06-14 15:39:30] Records found for patientId: 1
[2025-06-14 15:39:57] Authorization header: Bearer eyJ0eXAiOiJKV...
[2025-06-14 15:39:57] Token extracted: eyJ0eXAiOiJKV1QiLCJh...
[2025-06-14 15:39:57] Token expiration: 2025-06-15 13:15:40
[2025-06-14 15:39:57] Utilisateur authentifié: userId=1
[2025-06-14 15:39:57] Records found for patientId: 1
[2025-06-14 15:40:08] Authorization header: Bearer eyJ0eXAiOiJKV...
[2025-06-14 15:40:08] Token extracted: eyJ0eXAiOiJKV1QiLCJh...
[2025-06-14 15:40:08] Token expiration: 2025-06-15 13:15:40
[2025-06-14 15:40:08] Utilisateur authentifié: userId=1
[2025-06-14 15:40:08] Received data: patientId=1, etat_sante=? surveiller, allergies=P?nicillinee
[2025-06-14 15:40:08] Update/Insert successful for patientId: 1
[2025-06-14 15:43:09] Authorization header: Bearer eyJ0eXAiOiJKV...
[2025-06-14 15:43:09] Token extracted: eyJ0eXAiOiJKV1QiLCJh...
[2025-06-14 15:43:09] Token expiration: 2025-06-15 13:15:40
[2025-06-14 15:43:09] Utilisateur authentifié: userId=1
[2025-06-14 15:43:09] Records found for patientId: 1
[2025-06-14 15:43:14] Authorization header: Bearer eyJ0eXAiOiJKV...
[2025-06-14 15:43:14] Token extracted: eyJ0eXAiOiJKV1QiLCJh...
[2025-06-14 15:43:14] Token expiration: 2025-06-15 13:15:40
[2025-06-14 15:43:14] Utilisateur authentifié: userId=1
[2025-06-14 15:43:14] Records found for patientId: 1
[2025-06-14 15:43:22] Authorization header: Bearer eyJ0eXAiOiJKV...
[2025-06-14 15:43:22] Token extracted: eyJ0eXAiOiJKV1QiLCJh...
[2025-06-14 15:43:22] Token expiration: 2025-06-15 13:15:40
[2025-06-14 15:43:22] Utilisateur authentifié: userId=1
[2025-06-14 15:43:22] Received data: patientId=1, etat_sante=? surveiller, allergies=P?nicilline
[2025-06-14 15:43:23] Update/Insert successful for patientId: 1
[2025-06-14 15:53:46] Authorization header: Bearer eyJ0eXAiOiJKV...
[2025-06-14 15:53:46] Token extracted: eyJ0eXAiOiJKV1QiLCJh...
[2025-06-14 15:53:46] Token expiration: 2025-06-15 13:15:40
[2025-06-14 15:53:46] Utilisateur authentifié: userId=1
[2025-06-14 15:53:46] Records found for patientId: 1
[2025-06-14 15:53:50] Authorization header: Bearer eyJ0eXAiOiJKV...
[2025-06-14 15:53:50] Token extracted: eyJ0eXAiOiJKV1QiLCJh...
[2025-06-14 15:53:50] Token expiration: 2025-06-15 13:15:40
[2025-06-14 15:53:50] Utilisateur authentifié: userId=1
[2025-06-14 15:53:50] Records found for patientId: 1
[2025-06-14 15:53:51] Authorization header: Bearer eyJ0eXAiOiJKV...
[2025-06-14 15:53:51] Token extracted: eyJ0eXAiOiJKV1QiLCJh...
[2025-06-14 15:53:51] Token expiration: 2025-06-15 13:15:40
[2025-06-14 15:53:51] Utilisateur authentifié: userId=1
[2025-06-14 15:53:51] Records found for patientId: 1
[2025-06-14 15:54:05] Authorization header: Bearer eyJ0eXAiOiJKV...
[2025-06-14 15:54:05] Token extracted: eyJ0eXAiOiJKV1QiLCJh...
[2025-06-14 15:54:05] Token expiration: 2025-06-15 13:15:40
[2025-06-14 15:54:05] Utilisateur authentifié: userId=1
[2025-06-14 15:54:05] Received data: patientId=1, etat_sante=? surveiller, allergies=P?nicilline
[2025-06-14 15:54:05] Update/Insert successful for patientId: 1
[2025-06-14 16:03:50] Authorization header: Bearer eyJ0eXAiOiJKV...
[2025-06-14 16:03:50] Token extracted: eyJ0eXAiOiJKV1QiLCJh...
[2025-06-14 16:03:50] Token expiration: 2025-06-15 13:15:40
[2025-06-14 16:03:50] Utilisateur authentifié: userId=1
[2025-06-14 16:03:50] Records found for patientId: 1
[2025-06-14 16:03:53] Authorization header: Bearer eyJ0eXAiOiJKV...
[2025-06-14 16:03:53] Token extracted: eyJ0eXAiOiJKV1QiLCJh...
[2025-06-14 16:03:53] Token expiration: 2025-06-15 13:15:40
[2025-06-14 16:03:53] Utilisateur authentifié: userId=1
[2025-06-14 16:03:53] Records found for patientId: 1
[2025-06-14 16:04:32] Authorization header: Bearer eyJ0eXAiOiJKV...
[2025-06-14 16:04:32] Token extracted: eyJ0eXAiOiJKV1QiLCJh...
[2025-06-14 16:04:32] Token expiration: 2025-06-15 13:15:40
[2025-06-14 16:04:32] Utilisateur authentifié: userId=1
[2025-06-14 16:04:32] Records found for patientId: 1
[2025-06-14 16:04:35] Authorization header: Bearer eyJ0eXAiOiJKV...
[2025-06-14 16:04:35] Token extracted: eyJ0eXAiOiJKV1QiLCJh...
[2025-06-14 16:04:35] Token expiration: 2025-06-15 13:15:40
[2025-06-14 16:04:35] Utilisateur authentifié: userId=1
[2025-06-14 16:04:35] Records found for patientId: 1
[2025-06-14 16:04:56] Authorization header: Bearer eyJ0eXAiOiJKV...
[2025-06-14 16:04:56] Token extracted: eyJ0eXAiOiJKV1QiLCJh...
[2025-06-14 16:04:56] Token expiration: 2025-06-15 13:15:40
[2025-06-14 16:04:56] Utilisateur authentifié: userId=1
[2025-06-14 16:04:56] Records found for patientId: 1
[2025-06-14 16:10:06] Authorization header: Bearer eyJ0eXAiOiJKV...
[2025-06-14 16:10:06] Token extracted: eyJ0eXAiOiJKV1QiLCJh...
[2025-06-14 16:10:06] Token expiration: 2025-06-15 13:15:40
[2025-06-14 16:10:06] Utilisateur authentifié: userId=1
[2025-06-14 16:10:06] Records found for patientId: 1
[2025-06-14 16:10:10] Authorization header: Bearer eyJ0eXAiOiJKV...
[2025-06-14 16:10:10] Token extracted: eyJ0eXAiOiJKV1QiLCJh...
[2025-06-14 16:10:10] Token expiration: 2025-06-15 13:15:40
[2025-06-14 16:10:10] Utilisateur authentifié: userId=1
[2025-06-14 16:10:10] Records found for patientId: 1
[2025-06-14 16:10:24] Authorization header: Bearer eyJ0eXAiOiJKV...
[2025-06-14 16:10:24] Token extracted: eyJ0eXAiOiJKV1QiLCJh...
[2025-06-14 16:10:24] Token expiration: 2025-06-15 13:15:40
[2025-06-14 16:10:24] Utilisateur authentifié: userId=1
[2025-06-14 16:10:24] Records found for patientId: 1
[2025-06-14 16:10:34] Authorization header: Bearer eyJ0eXAiOiJKV...
[2025-06-14 16:10:34] Token extracted: eyJ0eXAiOiJKV1QiLCJh...
[2025-06-14 16:10:34] Token expiration: 2025-06-15 13:15:40
[2025-06-14 16:10:34] Utilisateur authentifié: userId=1
[2025-06-14 16:10:34] Records found for patientId: 1
[2025-06-14 16:10:48] Authorization header: Bearer eyJ0eXAiOiJKV...
[2025-06-14 16:10:48] Token extracted: eyJ0eXAiOiJKV1QiLCJh...
[2025-06-14 16:10:48] Token expiration: 2025-06-15 13:15:40
[2025-06-14 16:10:48] Utilisateur authentifié: userId=1
[2025-06-14 16:10:48] Records found for patientId: 3
[2025-06-14 16:11:40] Authorization header: Bearer eyJ0eXAiOiJKV...
[2025-06-14 16:11:40] Token extracted: eyJ0eXAiOiJKV1QiLCJh...
[2025-06-14 16:11:40] Token expiration: 2025-06-15 13:15:40
[2025-06-14 16:11:40] Utilisateur authentifié: userId=1
[2025-06-14 16:11:40] Records found for patientId: 1
[2025-06-14 16:11:53] Authorization header: Bearer eyJ0eXAiOiJKV...
[2025-06-14 16:11:53] Token extracted: eyJ0eXAiOiJKV1QiLCJh...
[2025-06-14 16:11:53] Token expiration: 2025-06-15 13:15:40
[2025-06-14 16:11:53] Utilisateur authentifié: userId=1
[2025-06-14 16:11:53] Records found for patientId: 1
[2025-06-14 16:12:08] Authorization header: Bearer eyJ0eXAiOiJKV...
[2025-06-14 16:12:08] Token extracted: eyJ0eXAiOiJKV1QiLCJh...
[2025-06-14 16:12:08] Token expiration: 2025-06-15 13:15:40
[2025-06-14 16:12:08] Utilisateur authentifié: userId=1
[2025-06-14 16:12:08] Records found for patientId: 1
[2025-06-14 16:12:13] Authorization header: Bearer eyJ0eXAiOiJKV...
[2025-06-14 16:12:13] Token extracted: eyJ0eXAiOiJKV1QiLCJh...
[2025-06-14 16:12:13] Token expiration: 2025-06-15 13:15:40
[2025-06-14 16:12:13] Utilisateur authentifié: userId=1
[2025-06-14 16:12:13] Records found for patientId: 1
[2025-06-14 16:12:18] Authorization header: Bearer eyJ0eXAiOiJKV...
[2025-06-14 16:12:18] Token extracted: eyJ0eXAiOiJKV1QiLCJh...
[2025-06-14 16:12:18] Token expiration: 2025-06-15 13:15:40
[2025-06-14 16:12:18] Utilisateur authentifié: userId=1
[2025-06-14 16:12:18] Received data: patientId=1, etat_sante=? surveiller, allergies=P?nicilline
[2025-06-14 16:12:18] Update/Insert successful for patientId: 1
[2025-06-14 16:12:27] Authorization header: Bearer eyJ0eXAiOiJKV...
[2025-06-14 16:12:27] Token extracted: eyJ0eXAiOiJKV1QiLCJh...
[2025-06-14 16:12:27] Token expiration: 2025-06-15 13:15:40
[2025-06-14 16:12:27] Utilisateur authentifié: userId=1
[2025-06-14 16:12:27] Records found for patientId: 1
[2025-06-14 16:12:38] Authorization header: Bearer eyJ0eXAiOiJKV...
[2025-06-14 16:12:38] Token extracted: eyJ0eXAiOiJKV1QiLCJh...
[2025-06-14 16:12:38] Token expiration: 2025-06-15 13:15:40
[2025-06-14 16:12:38] Utilisateur authentifié: userId=1
[2025-06-14 16:12:38] Records found for patientId: 1
[2025-06-14 16:12:48] Authorization header: Bearer eyJ0eXAiOiJKV...
[2025-06-14 16:12:48] Token extracted: eyJ0eXAiOiJKV1QiLCJh...
[2025-06-14 16:12:48] Token expiration: 2025-06-15 13:15:40
[2025-06-14 16:12:48] Utilisateur authentifié: userId=1
[2025-06-14 16:12:48] Received data: patientId=1, etat_sante=? surveiller, allergies=P?nicillineeee
[2025-06-14 16:12:48] Update/Insert successful for patientId: 1
[2025-06-14 16:12:59] Authorization header: Bearer eyJ0eXAiOiJKV...
[2025-06-14 16:12:59] Token extracted: eyJ0eXAiOiJKV1QiLCJh...
[2025-06-14 16:12:59] Token expiration: 2025-06-15 13:15:40
[2025-06-14 16:12:59] Utilisateur authentifié: userId=1
[2025-06-14 16:12:59] Records found for patientId: 1
[2025-06-14 16:19:11] Authorization header: Bearer eyJ0eXAiOiJKV...
[2025-06-14 16:19:11] Token extracted: eyJ0eXAiOiJKV1QiLCJh...
[2025-06-14 16:19:11] Token expiration: 2025-06-15 13:15:40
[2025-06-14 16:19:11] Utilisateur authentifié: userId=1
[2025-06-14 16:19:11] Records found for patientId: 1
[2025-06-14 16:19:21] Authorization header: Bearer eyJ0eXAiOiJKV...
[2025-06-14 16:19:21] Token extracted: eyJ0eXAiOiJKV1QiLCJh...
[2025-06-14 16:19:21] Token expiration: 2025-06-15 13:15:40
[2025-06-14 16:19:21] Utilisateur authentifié: userId=1
[2025-06-14 16:19:21] Received data: patientId=1, etat_sante=? surveiller, allergies=P?nicillin
[2025-06-14 16:19:21] Update/Insert successful for patientId: 1
[2025-06-14 16:19:26] Authorization header: Bearer eyJ0eXAiOiJKV...
[2025-06-14 16:19:26] Token extracted: eyJ0eXAiOiJKV1QiLCJh...
[2025-06-14 16:19:26] Token expiration: 2025-06-15 13:15:40
[2025-06-14 16:19:26] Utilisateur authentifié: userId=1
[2025-06-14 16:19:26] Records found for patientId: 1
[2025-06-14 16:23:24] Authorization header: Bearer eyJ0eXAiOiJKV...
[2025-06-14 16:23:24] Token extracted: eyJ0eXAiOiJKV1QiLCJh...
[2025-06-14 16:23:24] Token expiration: 2025-06-15 13:15:40
[2025-06-14 16:23:24] Utilisateur authentifié: userId=1
[2025-06-14 16:23:25] Records found for patientId: 1
